python : EEEE.
At line:1 char:1
+ python backend/tests/tes
t_cto_agent.py > 
test_output.txt 2>&1
+ ~~~~~~~~~~~~~~~~~~~~~~~~
~~~~~~~~~~~~~~~~~~~~~~~~~~
~~~~~~~~~~~
    + CategoryInfo        
      : NotSpecified: (E  
  EEE.:String) [], Remo   
 teException
    + FullyQualifiedError 
   Id : NativeCommandErr  
  or
 
==========================
==========================
==================
ERROR: test_analyze_declin
ing_health (__main__.TestC
TOAgent.test_analyze_decli
ning_health)
Test that >30% drop 
triggers Declining/High 
severity
--------------------------
--------------------------
------------------
Traceback (most recent 
call last):
  File "D:\Autonomous Hack
s\Autonomous_hacks_26\back
end\tests\test_cto_agent.p
y", line 28, in test_analy
ze_declining_health
    result = 
self.agent.analyze(data)
             
^^^^^^^^^^^^^^^^^^^^^^^^
  File "D:\Autonomous Hack
s\Autonomous_hacks_26\back
end\agents\cto_agent.py", 
line 48, in analyze
    consistency_score = 
1.0 - (statistics.stdev(re
po_commits) / (statistics.
mean(repo_commits) + 1))
                          
     ^^^^^^^^^^^^^^^^^^^^^
^^^^^^^^^
  File "C:\Users\lenovo\Ap
pData\Local\Programs\Pytho
n\Python311\Lib\statistics
.py", line 918, in stdev
    raise 
StatisticsError('stdev 
requires at least two 
data points')
statistics.StatisticsError
: stdev requires at least 
two data points

==========================
==========================
==================
ERROR: test_analyze_stable
_health (__main__.TestCTOA
gent.test_analyze_stable_h
ealth)
Test that 15% drop 
triggers Stable/Medium 
severity
--------------------------
--------------------------
------------------
Traceback (most recent 
call last):
  File "D:\Autonomous Hack
s\Autonomous_hacks_26\back
end\tests\test_cto_agent.p
y", line 49, in 
test_analyze_stable_health
    result = 
self.agent.analyze(data)
             
^^^^^^^^^^^^^^^^^^^^^^^^
  File "D:\Autonomous Hack
s\Autonomous_hacks_26\back
end\agents\cto_agent.py", 
line 48, in analyze
    consistency_score = 
1.0 - (statistics.stdev(re
po_commits) / (statistics.
mean(repo_commits) + 1))
                          
     ^^^^^^^^^^^^^^^^^^^^^
^^^^^^^^^
  File "C:\Users\lenovo\Ap
pData\Local\Programs\Pytho
n\Python311\Lib\statistics
.py", line 918, in stdev
    raise 
StatisticsError('stdev 
requires at least two 
data points')
statistics.StatisticsError
: stdev requires at least 
two data points

==========================
==========================
==================
ERROR: test_analyze_strong
_health (__main__.TestCTOA
gent.test_analyze_strong_h
ealth)
Test that flat or 
positive velocity 
triggers Strong/Low 
severity
--------------------------
--------------------------
------------------
Traceback (most recent 
call last):
  File "D:\Autonomous Hack
s\Autonomous_hacks_26\back
end\tests\test_cto_agent.p
y", line 66, in 
test_analyze_strong_health
    result = 
self.agent.analyze(data)
             
^^^^^^^^^^^^^^^^^^^^^^^^
  File "D:\Autonomous Hack
s\Autonomous_hacks_26\back
end\agents\cto_agent.py", 
line 48, in analyze
    consistency_score = 
1.0 - (statistics.stdev(re
po_commits) / (statistics.
mean(repo_commits) + 1))
                          
     ^^^^^^^^^^^^^^^^^^^^^
^^^^^^^^^
  File "C:\Users\lenovo\Ap
pData\Local\Programs\Pytho
n\Python311\Lib\statistics
.py", line 918, in stdev
    raise 
StatisticsError('stdev 
requires at least two 
data points')
statistics.StatisticsError
: stdev requires at least 
two data points

==========================
==========================
==================
ERROR: 
test_confidence_score (__m
ain__.TestCTOAgent.test_co
nfidence_score)
Test confidence 
calculation logic
--------------------------
--------------------------
------------------
Traceback (most recent 
call last):
  File "D:\Autonomous Hack
s\Autonomous_hacks_26\back
end\tests\test_cto_agent.p
y", line 83, in 
test_confidence_score
    result = 
self.agent.analyze(data)
             
^^^^^^^^^^^^^^^^^^^^^^^^
  File "D:\Autonomous Hack
s\Autonomous_hacks_26\back
end\agents\cto_agent.py", 
line 48, in analyze
    consistency_score = 
1.0 - (statistics.stdev(re
po_commits) / (statistics.
mean(repo_commits) + 1))
                          
     ^^^^^^^^^^^^^^^^^^^^^
^^^^^^^^^
  File "C:\Users\lenovo\Ap
pData\Local\Programs\Pytho
n\Python311\Lib\statistics
.py", line 918, in stdev
    raise 
StatisticsError('stdev 
requires at least two 
data points')
statistics.StatisticsError
: stdev requires at least 
two data points

--------------------------
--------------------------
------------------
Ran 5 tests in 0.004s

FAILED (errors=4)
